// Jest Snapshot v1, https://goo.gl/fbAQLP

exports[`Collection component 1`] = `"<div class=\\"Collection__wrapper___Cqx9sa0pwqe_-pP\\" data-reactroot=\\"\\" data-reactid=\\"1\\" data-react-checksum=\\"837542035\\"><div class=\\"Header__wrapper___2PTLf_nkW7S2HEU\\" data-reactid=\\"2\\"><div class=\\"Header__content___2VIdu565Foup5Pb\\" data-reactid=\\"3\\"><button class=\\"InfoButton__wrapper___N_oMTzuA2GfeAJV\\" data-reactid=\\"4\\"><div class=\\"InfoButton__icon___1q8MRLZtz3Z3Myx\\" data-reactid=\\"5\\">i</div></button><h2 class=\\"Header__title___1_ebCiqkttbS44m\\" data-reactid=\\"6\\">Your books</h2><div class=\\"AddBooksButton__wrapper___3WnirUQZPEP4sp_\\" data-reactid=\\"7\\"><div data-reactid=\\"8\\"><div class=\\"AddBooksButton__icon___3Vo3Yz3c1Emxo_A\\" data-reactid=\\"9\\"></div></div></div></div></div><div class=\\"Collection__booksWrapper___JImf8enUFiESmgf\\" data-reactid=\\"10\\"><div class=\\"Collection__message___2JDyaCVrQufdN11\\" data-reactid=\\"11\\"><p data-reactid=\\"12\\"><span data-reactid=\\"13\\"><!-- react-text: 14 -->You don&#x27;t have any books in your collection. Click the button above right to add some from your <!-- /react-text --><a href=\\"https://dropbox.com\\" target=\\"_blank\\" rel=\\"noopener noreferrer\\" data-reactid=\\"15\\">Dropbox</a><!-- react-text: 16 -->.<!-- /react-text --></span></p><p data-reactid=\\"17\\"><!-- react-text: 18 -->Don&#x27;t have any ebooks? Download some for free at <!-- /react-text --><a href=\\"https://www.gutenberg.org/\\" target=\\"_blank\\" rel=\\"noopener noreferrer\\" data-reactid=\\"19\\">Project Gutenberg</a><!-- react-text: 20 -->.<!-- /react-text --></p></div></div></div>"`;
