// Jest Snapshot v1, https://goo.gl/fbAQLP

exports[`CollectionBook component 1`] = `"<div class=\\"CollectionBook__wrapper___3GBcv3hJrHNyAAL\\" data-reactroot=\\"\\" data-reactid=\\"1\\" data-react-checksum=\\"722914099\\"><a class=\\"CollectionBook__button___1AbKlIBSykTTsGD\\" data-reactid=\\"2\\"><div class=\\"CollectionBook__imageWrapper___y3SmxAA224b7t7M\\" data-reactid=\\"3\\"><img alt=\\"A Good Book\\" src=\\"data:image/gif;base64,R0lGODlhAQABAIAAAAAAAP///yH5BAEAAAAALAAAAAABAAEAAAIBRAA7\\" data-reactid=\\"4\\"/></div><div class=\\"CollectionBook__textWrapper___2phBcF6leMT_Szd\\" data-reactid=\\"5\\"><h2 class=\\"CollectionBook__title___32U5TK0ztfAD8ec\\" data-reactid=\\"6\\">A Good Book</h2><div class=\\"CollectionBook__author___3Es49tS7ViSMldX\\" data-reactid=\\"7\\">The book author</div></div><div class=\\"CollectionBook__progressWrapper___3edHqIX5PYR9iz3\\" data-reactid=\\"8\\"><div class=\\"CollectionBook__progressBack___w9pyWwm5HWftZxm\\" data-reactid=\\"9\\"></div><div style=\\"width:0%;\\" class=\\"CollectionBook__progress___2sOJs1jf_xQxl5S\\" data-reactid=\\"10\\"></div></div></a><button class=\\"CollectionBook__removeButton___3Yv0v9TRZegontQ\\" data-reactid=\\"11\\"><div class=\\"CollectionBook__removeButtonIcon___2P-RDWN-az8BBbv\\" data-reactid=\\"12\\"><div class=\\"CollectionBook__removeButtonIconLine___Z6gOfidQeF49xXl\\" data-reactid=\\"13\\"></div><div class=\\"CollectionBook__removeButtonIconLineTwo___1FPu7yMSK8_gynN CollectionBook__removeButtonIconLine___Z6gOfidQeF49xXl\\" data-reactid=\\"14\\"></div></div></button></div>"`;
