// Jest Snapshot v1, https://goo.gl/fbAQLP

exports[`TableOfContents component 1`] = `"<div class=\\"TableOfContents__wrapper___2FkfbEMJUG4awYB\\" data-reactroot=\\"\\" data-reactid=\\"1\\" data-react-checksum=\\"853761303\\"><div class=\\"Header__wrapper___2PTLf_nkW7S2HEU\\" data-reactid=\\"2\\"><div class=\\"Header__content___2VIdu565Foup5Pb\\" data-reactid=\\"3\\"><h2 class=\\"Header__title___1_ebCiqkttbS44m\\" data-reactid=\\"4\\">Table Of Contents</h2><button class=\\"CloseButton__wrapper___2i9TByxUopDp0cZ\\" data-reactid=\\"5\\"><div class=\\"CloseButton__icon___3Schb-DMASl5XVC\\" data-reactid=\\"6\\"><div class=\\"CloseButton__iconLineOne___1_bEHFLo8IfP5Fg\\" data-reactid=\\"7\\"></div><div class=\\"CloseButton__iconLineTwo___3dpb1YfW7QXAzBv CloseButton__iconLineOne___1_bEHFLo8IfP5Fg\\" data-reactid=\\"8\\"></div></div></button></div></div><div class=\\"TableOfContents__buttonsWrapper___3n-b4RZYhh_S3yB\\" data-reactid=\\"9\\"><button class=\\"TableOfContentsButton__wrapper___3vgI4LruZrYQ9H2\\" data-reactid=\\"10\\"><h4 data-reactid=\\"11\\">item 1</h4></button><button class=\\"TableOfContentsButton__wrapper___3vgI4LruZrYQ9H2\\" data-reactid=\\"12\\"><h4 data-reactid=\\"13\\">item 2</h4></button></div></div>"`;
