// Jest Snapshot v1, https://goo.gl/fbAQLP

exports[`hideInfo action 1`] = `
Object {
  "type": "HIDE_INFO",
}
`;

exports[`showInfo action 1`] = `
Object {
  "type": "SHOW_INFO",
}
`;
