exports[`dbReady action 1`] = `"{\"type\":\"DB_READY\"}"`;
